# Documentation Analysis for parse_list

## Function Documentation

The `parse_list` function has an embedded docstring showing expected behavior for valid inputs:

```python
>>> parse_list("")
[]
>>> parse_list("a")
['a']
>>> parse_list("a b c")
['a', 'b', 'c']
>>> parse_list("[a, b, c]")
['a', 'b', 'c']
>>> parse_list('a " " b')
['a', ' ', 'b']
>>> parse_list('[a, ",a", "a,", ",", ]')
['a', ',a', 'a,', ',']
```

## Function Purpose
Based on code analysis, `parse_list` is used to parse values from distutils/cython directive comments in .pyx source files, such as:
- `# distutils: libraries = spam eggs`
- `# distutils: include_dirs = /opt/food/include`

The function is called at line 198 in Dependencies.py when processing these directives.

## Documentation Findings

### What the Documentation Says:
1. The function parses both space-separated lists and comma-separated lists (with brackets)
2. It handles quoted strings within lists
3. The docstring only shows examples with properly formed input

### What the Documentation DOESN'T Say:
1. **No specification for malformed input handling** - The documentation does not specify what should happen with unclosed quotes
2. **No error handling documentation** - There's no mention of what exceptions might be raised
3. **No edge case documentation** - The docstring doesn't cover edge cases like empty quotes, mismatched quotes, or unclosed quotes

## External Documentation
I searched Cython's official documentation and found:
- General information about distutils directives in comments
- Information about how directives are parsed from source files
- No specific documentation about error handling for malformed directive values

## Conclusion on Documentation
The documentation is **incomplete** regarding error handling. It does not specify:
1. Whether the function should handle malformed input gracefully
2. What exceptions should be raised for invalid input
3. Whether unclosed quotes are considered valid or invalid input

Since the function is used to parse user-provided comments from source files, and users can easily have typos or malformed comments, the lack of specified error handling behavior is a documentation gap. However, crashing with an internal KeyError (`__Pyx_L1`) is clearly not intentional behavior - this is an implementation detail leak rather than a designed error message.