Documentation Analysis for pandas.api.types.is_re_compilable
============================================================

Official Documentation:
-----------------------
The official pandas documentation states:
- Function: pandas.api.types.is_re_compilable(obj)
- Purpose: "Check if the object can be compiled into a regex pattern instance."
- Returns: bool - "Whether `obj` can be compiled as a regex pattern."
- Parameters: obj - "The object to check"

The documentation includes examples:
```python
>>> is_re_compilable(".*")
True
>>> is_re_compilable(1)
False
```

Source Code Documentation (from docstring):
--------------------------------------------
The function's docstring in the source code (pandas/core/dtypes/inference.py) states:
"""
Check if the object can be compiled into a regex pattern instance.

Parameters
----------
obj : The object to check

Returns
-------
bool
    Whether `obj` can be compiled as a regex pattern.

Examples
--------
>>> from pandas.api.types import is_re_compilable
>>> is_re_compilable(".*")
True
>>> is_re_compilable(1)
False
"""

Key Documentation Points:
-------------------------
1. The function is explicitly documented to return a boolean value.
2. The documentation clearly states it should "check" if an object can be compiled, not attempt to compile it and raise an exception.
3. The return type is explicitly specified as "bool" in both the official documentation and docstring.
4. There is NO mention in the documentation that this function might raise exceptions for invalid regex patterns.
5. The examples only show cases with valid regex patterns (".*") or non-string types (1), but don't show what happens with invalid regex strings.

Documentation Interpretation:
-----------------------------
Based on the documentation, users would reasonably expect:
1. The function returns True for valid regex patterns
2. The function returns False for invalid regex patterns
3. The function returns False for non-string objects that cannot be compiled
4. The function should NOT raise exceptions for invalid regex patterns, as its job is to "check" compilability

The documentation strongly supports the interpretation that this is a predicate function that should return a boolean for all inputs, not raise exceptions.