DOCUMENTATION ANALYSIS - dask.utils.key_split
==============================================

## Available Documentation

### 1. Function Docstring
The only available documentation for `key_split` is its docstring, which consists entirely of examples:

```python
>>> key_split('x')
'x'
>>> key_split('x-1')
'x'
>>> key_split('x-1-2-3')
'x'
>>> key_split(('x-2', 1))
'x'
>>> key_split("('x-2', 1)")
'x'
>>> key_split("('x', 1)")
'x'
>>> key_split('hello-world-1')
'hello-world'
>>> key_split(b'hello-world-1')  # Note: bytes are shown as valid input
'hello-world'
>>> key_split('ae05086432ca935f6eba409a8ecd4896')
'data'
>>> key_split('<module.submodule.myclass object at 0xdaf372')
'myclass'
>>> key_split(None)  # Note: None returns 'Other'
'Other'
>>> key_split('x-abcdefab')  # ignores hex
'x'
>>> key_split('_(x)')  # strips unpleasant characters
'x'
```

### 2. External Documentation
- No documentation found in the official Dask API reference
- No explicit specification about exception handling behavior
- No type signature or parameter documentation

## Key Observations

### What the Documentation Shows:
1. **Bytes are explicitly supported**: The docstring includes `key_split(b'hello-world-1')` as a valid example
2. **None handling**: Shows that `None` should return 'Other'
3. **Purpose**: Based on usage and examples, the function extracts meaningful prefixes from Dask task keys

### What the Documentation DOESN'T Specify:
1. **No specification about raising exceptions vs returning 'Other'**
2. **No mention of what happens with invalid inputs**
3. **No type constraints documented**
4. **No mention of hashability requirements**
5. **No specification about invalid UTF-8 handling**

## Usage Context

From examining the codebase usage:
- Used in `dask.optimization` to extract names from task keys
- Used in `dask.widgets` for display purposes
- Used in `dask.highlevelgraph` for key processing
- Always expects the function to succeed (no exception handling at call sites)

## Function Design Intent

Based on the code structure:
1. The function has a catch-all exception handler (`except Exception: return "Other"`)
2. This suggests the function is designed to be robust and never fail
3. The "Other" return value serves as a fallback for unrecognizable inputs

## Documentation Gaps

The documentation is insufficient because:
1. It doesn't specify the function's contract regarding exception handling
2. It shows bytes as valid input but doesn't specify UTF-8 requirements
3. It doesn't document the lru_cache decorator's hashability requirement
4. It doesn't explain when "Other" should be returned

## Conclusion

The documentation is minimal and consists only of examples. While it shows that bytes should be accepted (line 1964: `key_split(b'hello-world-1')`), it does not specify:
- Whether the function should raise exceptions or always return a string
- What types of inputs are considered valid
- The UTF-8 encoding requirement for bytes
- The hashability requirement imposed by lru_cache

The presence of the exception handler that returns "Other" strongly suggests the function is intended to handle ALL inputs gracefully without raising exceptions. The fact that the docstring shows bytes as a valid input type further supports that the current behavior (raising UnicodeDecodeError) is unintended.