## Documentation Analysis for dask.utils.key_split

### Function Documentation

The function `key_split` has a docstring that serves as its primary documentation. The docstring contains multiple examples showing the function's expected behavior:

```python
>>> key_split('x')
'x'
>>> key_split('x-1')
'x'
>>> key_split('x-1-2-3')
'x'
>>> key_split(('x-2', 1))
'x'
>>> key_split("('x-2', 1)")
'x'
>>> key_split("('x', 1)")
'x'
>>> key_split('hello-world-1')
'hello-world'
>>> key_split(b'hello-world-1')  # <-- BYTES EXAMPLE
'hello-world'
>>> key_split('ae05086432ca935f6eba409a8ecd4896')
'data'
>>> key_split('<module.submodule.myclass object at 0xdaf372')
'myclass'
>>> key_split(None)
'Other'
>>> key_split('x-abcdefab')  # ignores hex
'x'
>>> key_split('_(x)')  # strips unpleasant characters
'x'
```

### Key Observation

The docstring explicitly includes an example of bytes input: `>>> key_split(b'hello-world-1')` returning `'hello-world'`. This establishes that:

1. **Bytes are an expected input type** - The function documentation explicitly demonstrates bytes support
2. **No restrictions mentioned** - There is no caveat or note indicating that only UTF-8 valid bytes are supported
3. **No error handling documented** - The documentation doesn't mention that UnicodeDecodeError might be raised

### External Documentation Search

Web searches for official Dask documentation did not yield additional documentation beyond the docstring. The function appears to be an internal utility primarily documented through its docstring examples.

### Function Purpose

Based on usage patterns found in the Dask codebase:
- `key_split` is used to extract human-readable names from Dask task keys
- It's used in visualization, debugging, and string representations of Dask objects
- The function is designed to parse various formats of task keys and return a simplified name

### Documentation vs Implementation Gap

The documentation (via docstring example) shows that bytes are a supported input type, but:
- Does not specify that only UTF-8 valid bytes are supported
- Does not document that UnicodeDecodeError may be raised
- Creates a reasonable expectation that arbitrary bytes would be handled

Given that Dask task keys could theoretically include binary data (especially in distributed computing contexts where data might be serialized), the lack of any warning about UTF-8 requirements is a documentation gap at minimum.

### Conclusion

The documentation explicitly shows bytes as a valid input type through an example, without any qualification about encoding requirements. A user would reasonably expect the function to handle arbitrary bytes, not just UTF-8-valid sequences. The crash on non-UTF-8 bytes contradicts the documented behavior.