DOCUMENTATION ANALYSIS FOR sorted_division_locations

## Function Location and Visibility
The function `sorted_division_locations` is defined in `dask/dataframe/io/io.py`. It is imported and used in:
- `dask/dataframe/dask_expr/io/io.py` (imported for internal use)
- `dask/dataframe/io/tests/test_io.py` (imported for testing)

The function does not appear in any __all__ list and is not documented in the public Dask documentation (404 on docs.dask.org).

## Docstring Examples
The function's docstring contains multiple examples that explicitly demonstrate usage with plain Python lists:

```python
>>> L = ['A', 'B', 'C', 'D', 'E', 'F']
>>> sorted_division_locations(L, chunksize=2)
(['A', 'C', 'E', 'F'], [0, 2, 4, 6])

>>> sorted_division_locations(L, chunksize=3)
(['A', 'D', 'F'], [0, 3, 6])

>>> L = ['A', 'A', 'A', 'A', 'B', 'B', 'B', 'C']
>>> sorted_division_locations(L, chunksize=3)
(['A', 'B', 'C', 'C'], [0, 4, 7, 8])

>>> sorted_division_locations(L, chunksize=2)
(['A', 'B', 'C', 'C'], [0, 4, 7, 8])

>>> sorted_division_locations(['A'], chunksize=2)
(['A', 'A'], [0, 1])
```

All five examples in the docstring use plain Python lists as input.

## Implementation Details
The function's implementation at line 284 calls `seq = tolist(seq)` with the comment:
"Convert from an ndarray to a plain list so that any divisions we extract from seq are plain Python scalars."

The `tolist` function uses a dispatch system that only has registered handlers for:
- `np.ndarray`
- `pd.Series`
- `pd.Index`
- `pd.Categorical`
- `cupy.ndarray` (lazy registration)
- cudf types (lazy registration)

There is NO registered handler for plain Python lists, which causes a `TypeError: No dispatch for <class 'list'>` when a list is passed.

## Test Coverage
The only test for `sorted_division_locations` in the test suite (`test_sorted_division_locations_duplicates`) uses `pd.Series` or `cudf.Series`, not plain Python lists. No tests verify that the function works with the plain list examples shown in the docstring.

## Conclusion from Documentation
The docstring examples clearly and unambiguously demonstrate that the function is intended to accept plain Python lists. All five examples use lists, not pandas/numpy objects. The comment in the code even states the purpose is to "convert to a plain list", suggesting lists are an expected input format. However, the implementation fails to handle this documented case.