## Documentation Review for parse_list Function

### Available Documentation

The only documentation available for `parse_list` is embedded in the function's docstring (doctests). No external documentation was found in the Cython documentation website or other official sources.

### Docstring/Doctest Documentation

The function includes the following doctest examples:
```python
>>> parse_list("")
[]
>>> parse_list("a")
['a']
>>> parse_list("a b c")
['a', 'b', 'c']
>>> parse_list("[a, b, c]")
['a', 'b', 'c']
>>> parse_list('a " " b')
['a', ' ', 'b']
>>> parse_list('[a, ",a", "a,", ",", ]')
['a', ',a', 'a,', ',']
```

### What the Documentation Shows

1. **Two parsing modes**:
   - Space-delimited: `"a b c"` → `['a', 'b', 'c']`
   - Bracket notation: `"[a, b, c]"` → `['a', 'b', 'c']`

2. **Quoted string handling**:
   - The doctest explicitly shows that quoted whitespace should be preserved: `'a " " b'` → `['a', ' ', 'b']`
   - Quoted commas within bracket notation are preserved: `"[a, ",a", "a,", ",", ]"` → `['a', ',a', 'a,', ',']`

3. **No documentation about**:
   - How comments (# character) should be handled
   - How escape sequences should be handled
   - What happens with invalid input
   - Whether the function is intended to parse Python-like syntax or something else

### Analysis of Bug Report Claims vs Documentation

The bug report claims that the function violates its documented behavior by not preserving quoted whitespace in bracket notation. However:

1. The documentation (doctest) shows space-delimited format preserving quoted whitespace
2. There is no explicit doctest showing bracket notation with quoted whitespace like `"[' ']"`
3. Testing shows that bracket notation DOES preserve quoted whitespace correctly

### Conclusion

The documentation is minimal (only doctests) and doesn't explicitly define all behavior. The bug report's claim that the function violates its documented contract is incorrect - the function actually follows the behavior shown in its doctests. The real issue found (with `#` characters) is not covered by any documentation at all.