## Documentation Analysis

### Function Documentation

The `parse_list` function in Cython.Build.Dependencies has the following documentation:

**Docstring Examples:**
```python
>>> parse_list("")
[]
>>> parse_list("a")
['a']
>>> parse_list("a b c")
['a', 'b', 'c']
>>> parse_list("[a, b, c]")
['a', 'b', 'c']
>>> parse_list('a " " b')
['a', ' ', 'b']
>>> parse_list('[a, ",a", "a,", ",", ]')
['a', ',a', 'a,', ',']
```

**Key Observations:**
1. The documentation only shows examples with well-formed inputs
2. All quoted strings in the examples are properly balanced
3. There is no documentation about error handling or what happens with malformed input
4. No specification exists for how unbalanced quotes should be handled

### Usage Context

The function is used internally by Cython to parse distutils directives from special comments in .pyx files:
- Comments like `# distutils: extra_compile_args = -O2 -Wall`
- The parsed values are used to configure compilation settings
- Called from `distutils_info` function when processing Cython source files

### External Documentation

Cython's online documentation (https://docs.cython.org) mentions that distutils directives can be specified in comments but does not detail:
- The exact parsing rules for these directives
- How quotes should be handled
- What errors might occur with malformed input

### Documentation Verdict

The documentation is **incomplete** regarding error handling:
1. It does not specify what happens with malformed/unbalanced quotes
2. It does not indicate whether exceptions are expected for invalid input
3. The examples only cover the "happy path" with well-formed strings

Since the function is parsing user-provided input from source file comments, it's reasonable to expect it should handle malformed input gracefully rather than crash with an obscure KeyError. The documentation should either:
- Specify that quotes must be balanced and document the expected exception
- Or the function should handle malformed input more gracefully