# Documentation Analysis for parse_list Function

## Available Documentation

### 1. Inline Docstring
The function has a docstring with examples showing expected behavior:
```python
>>> parse_list("")
[]
>>> parse_list("a")
['a']
>>> parse_list("a b c")
['a', 'b', 'c']
>>> parse_list("[a, b, c]")
['a', 'b', 'c']
>>> parse_list('a " " b')
['a', ' ', 'b']
>>> parse_list('[a, ",a", "a,", ",", ]')
['a', ',a', 'a,', ',']
```

### 2. External Documentation
- No official API documentation found for this function
- Not mentioned in Cython's official documentation at cython.readthedocs.io
- Not listed as a public API function
- GitHub source shows it's part of internal build dependencies handling

## Key Documentation Observations

### What IS Documented:
1. The function parses space-separated or comma-separated lists
2. It handles quoted strings within the list
3. It can process bracket-enclosed lists
4. Example inputs show well-formed quoted strings only

### What IS NOT Documented:
1. **No specification for handling malformed quotes**
2. **No error handling requirements specified**
3. **No mention of what should happen with unclosed quotes**
4. **No specification that input must have well-formed quotes**
5. No indication of expected exceptions or error messages
6. No requirement for graceful handling of edge cases

## Analysis of Examples
All docstring examples use properly formed quoted strings:
- 'a " " b' - complete quotes around a space
- '[a, ",a", "a,", ",", ]' - all quotes are properly closed

There is NO example showing:
- Unclosed quotes
- Mismatched quotes
- Partially quoted strings
- Error handling expectations

## Internal vs Public API
The function appears to be:
- Located in Cython.Build.Dependencies (build infrastructure)
- Not documented in public API references
- Likely an internal utility function
- Used for dependency parsing during Cython builds

## Conclusion
The documentation does not specify how the function should handle malformed input like unclosed quotes. The examples only show well-formed input, but there's no explicit requirement that input must be well-formed, nor any specification of what should happen with malformed input. The function is likely an internal utility not intended for direct public use.